// Jest Snapshot v1, https://goo.gl/fbAQLP

exports[`<Logo /> should render snapshot 1`] = `
<img
  alt="LaManicurista Logo"
  className="Logo__StyledImage-sc-17vxmqw-0 gCRnca"
  src="https://lamanicurista.com/wp-content/uploads/2019/01/Logo-La-manicurista-1.png"
/>
`;
