// Jest Snapshot v1, https://goo.gl/fbAQLP

exports[`<ConfigWrapper /> should render snapshot 1`] = `
<h1>
  Test
</h1>
`;
